// Jest Snapshot v1, https://goo.gl/fbAQLP

exports[`Alert does not render is message is not truthy 1`] = `<DocumentFragment />`;
